// Vitest Snapshot v1, https://vitest.dev/guide/snapshot.html

exports[`narrow === false — PC 경로는 한 바이트도 안 바뀐다 > 넓은 창의 상자 뼈대 1`] = `
"main flex: 1 1 0%; display: flex; flex-direction: row; min-height: 0px; outline: none; position: relative;
· div flex: 1 1 0%; display: flex; flex-direction: column; min-width: 0px; min-height: 0px; background: var(--panel-2);
· · div flex: 1 1 0%; min-height: 0px; min-width: 0px; position: relative; display: flex; align-items: center; justify-content: center; padding: 20px 24px;
· · · div display: flex; flex-direction: column; width: 100%; max-width: 100%; max-height: 100%; min-width: 0px; min-height: 0px; border: 1px solid var(--border); border-radius: 16px; overflow: hidden; box-shadow: 0 18px 30px rgba(0,0,0,.45);
· · · · div flex: 0 1 auto; min-width: 0px; min-height: 0px; position: relative; aspect-ratio: 825 / 525; width: 100%;
· · · · nav flex: 0 0 auto; background: var(--panel-2); display: flex; gap: 6px; position: relative; box-shadow: inset 0 7px 12px -10px rgba(0,0,0,.55); flex-direction: row; flex-wrap: nowrap; height: calc(max(50px, var(--hit)) + 16px); align-items: center; justify-content: flex-start; align-content: flex-start; padding: 8px 13px; overflow-x: auto; overflow-y: hidden;
· · · · · div flex: 0 0 auto; display: flex; flex-direction: row; flex-wrap: nowrap; align-items: center; align-content: flex-start; justify-content: flex-start; gap: 6px; min-height: 0px; overflow-x: auto;
· · · · · · div display: flex; flex-direction: row; flex-wrap: wrap; justify-content: flex-start; gap: 5px;
· · · · · · · button flex: 0 0 auto; box-sizing: border-box; width: var(--hit); height: var(--hit); display: flex; align-items: center; justify-content: center; touch-action: none; position: relative; border-radius: 7px; border: 2px solid transparent; filter: drop-shadow(0 2px 3px rgba(0,0,0,.45));
· · · · · · · button flex: 0 0 auto; box-sizing: border-box; width: var(--hit); height: var(--hit); display: flex; align-items: center; justify-content: center; touch-action: none; position: relative; border-radius: 7px; border: 2px solid transparent; filter: drop-shadow(0 2px 3px rgba(0,0,0,.45));
· · · · · · · button flex: 0 0 auto; box-sizing: border-box; width: var(--hit); height: var(--hit); display: flex; align-items: center; justify-content: center; touch-action: none; position: relative; border-radius: 7px; border: 2px solid transparent; filter: drop-shadow(0 2px 3px rgba(0,0,0,.45));
· · · · · · · button flex: 0 0 auto; box-sizing: border-box; width: var(--hit); height: var(--hit); display: flex; align-items: center; justify-content: center; touch-action: none; position: relative; border-radius: 7px; border: 2px solid transparent; filter: drop-shadow(0 2px 3px rgba(0,0,0,.45));
· · · · · · · button flex: 0 0 auto; box-sizing: border-box; width: var(--hit); height: var(--hit); display: flex; align-items: center; justify-content: center; touch-action: none; position: relative; border-radius: 7px; border: 2px solid transparent; filter: drop-shadow(0 2px 3px rgba(0,0,0,.45));
· · · · · · · button flex: 0 0 auto; box-sizing: border-box; width: var(--hit); height: var(--hit); display: flex; align-items: center; justify-content: center; touch-action: none; position: relative; border-radius: 7px; border: 2px solid transparent; filter: drop-shadow(0 2px 3px rgba(0,0,0,.45));
· · · · · · · button flex: 0 0 auto; box-sizing: border-box; width: var(--hit); height: var(--hit); display: flex; align-items: center; justify-content: center; touch-action: none; position: relative; border-radius: 7px; border: 2px solid transparent; filter: drop-shadow(0 2px 3px rgba(0,0,0,.45));
· · · · · · · button flex: 0 0 auto; box-sizing: border-box; width: var(--hit); height: var(--hit); display: flex; align-items: center; justify-content: center; touch-action: none; position: relative; border-radius: 7px; border: 2px solid transparent; filter: drop-shadow(0 2px 3px rgba(0,0,0,.45));
· · · · · · button position: relative; width: 52px; height: 50px; min-width: var(--hit); min-height: var(--hit); border-radius: 11px; display: flex; flex-direction: column; align-items: center; justify-content: center; gap: 3px; border: 1px solid var(--border-strong); background: color-mix(in srgb, var(--text) 5%, transparent); box-shadow: inset 0 2px 5px -2px rgba(0,0,0,.55); touch-action: none; color: var(--muted); opacity: 1;
· · · · · · · span position: relative; display: flex;
· · · · · · · span position: relative; font-size: 0.6875rem; font-weight: 600;
· · · · · · · span position: absolute; top: 2px; right: 2px; min-width: 16px; height: 16px; padding: 0px 3px; border-radius: 8px; display: flex; align-items: center; justify-content: center; font-family: "Space Grotesk", sans-serif; font-size: 0.625rem; font-weight: 700; font-variant-numeric: tabular-nums; border: 1px solid var(--border-strong); background: var(--panel); color: var(--text);
· · · · · · button position: relative; width: 52px; height: 50px; min-width: var(--hit); min-height: var(--hit); border-radius: 11px; display: flex; flex-direction: column; align-items: center; justify-content: center; gap: 3px; border: 1px solid var(--border-strong); background: color-mix(in srgb, var(--text) 5%, transparent); box-shadow: inset 0 2px 5px -2px rgba(0,0,0,.55); touch-action: none; color: var(--muted); opacity: 1;
· · · · · · · span position: relative; display: flex; color: rgb(255, 107, 26);
· · · · · · · span position: relative; font-size: 0.6875rem; font-weight: 600;
· · · · · · · span position: absolute; top: 2px; right: 2px; min-width: 16px; height: 16px; padding: 0px 3px; border-radius: 8px; display: flex; align-items: center; justify-content: center; font-family: "Space Grotesk", sans-serif; font-size: 0.625rem; font-weight: 700; font-variant-numeric: tabular-nums; border: 1px solid var(--border-strong); background: var(--panel); color: var(--text);
· · · · · · button position: relative; width: 52px; height: 50px; min-width: var(--hit); min-height: var(--hit); border-radius: 11px; display: flex; flex-direction: column; align-items: center; justify-content: center; gap: 3px; border: 1px solid var(--border-strong); background: color-mix(in srgb, var(--text) 5%, transparent); box-shadow: inset 0 2px 5px -2px rgba(0,0,0,.55); touch-action: none; color: var(--muted); opacity: 1;
· · · · · · · span position: relative; display: flex; color: rgb(37, 99, 235);
· · · · · · · span position: relative; font-size: 0.6875rem; font-weight: 600;
· · · · · · · span position: absolute; top: 2px; right: 2px; min-width: 16px; height: 16px; padding: 0px 3px; border-radius: 8px; display: flex; align-items: center; justify-content: center; font-family: "Space Grotesk", sans-serif; font-size: 0.625rem; font-weight: 700; font-variant-numeric: tabular-nums; border: 1px solid var(--border-strong); background: var(--panel); color: var(--text);
· · · · · div flex: 0 0 auto; align-self: stretch; width: 1px; margin: 6px 4px; background: var(--border);
· · · · · div flex: 0 0 auto; display: flex; flex-direction: row; flex-wrap: nowrap; align-items: center; align-content: flex-start; justify-content: flex-start; gap: 5px;
· · · · · · button position: relative; width: 52px; height: 50px; min-width: var(--hit); min-height: var(--hit); border-radius: 11px; display: flex; flex-direction: column; align-items: center; justify-content: center; gap: 3px; color: var(--accent-text);
· · · · · · · span position: absolute; inset: 0px; border-radius: 11px; border: 1.5px solid var(--accent); background: color-mix(in srgb, var(--accent) 15%, transparent);
· · · · · · · span position: relative; display: flex;
· · · · · · · span position: relative; font-size: 0.6875rem; font-weight: 600;
· · · · · · button position: relative; width: 52px; height: 50px; min-width: var(--hit); min-height: var(--hit); border-radius: 11px; display: flex; flex-direction: column; align-items: center; justify-content: center; gap: 3px; color: var(--muted);
· · · · · · · span position: relative; display: flex;
· · · · · · · span position: relative; font-size: 0.6875rem; font-weight: 600;
· · · · · · div position: relative; flex: 0 0 auto; display: flex;
· · · · · · · button position: relative; width: 52px; height: 50px; min-width: var(--hit); min-height: var(--hit); border-radius: 11px; display: flex; flex-direction: column; align-items: center; justify-content: center; gap: 3px; color: var(--muted);
· · · · · · · · span position: relative; display: flex;
· · · · · · · · span position: relative; display: flex; align-items: center; gap: 2px; font-size: 0.6875rem; font-weight: 600;
· · · · · · · · · span font-size: 0.5625rem; line-height: 1;
· · · · · · div position: relative; flex: 0 0 auto; display: flex;
· · · · · · · button position: relative; width: 52px; height: 50px; min-width: var(--hit); min-height: var(--hit); border-radius: 11px; display: flex; flex-direction: column; align-items: center; justify-content: center; gap: 3px; color: var(--muted);
· · · · · · · · span position: relative; display: flex;
· · · · · · · · span position: relative; display: flex; align-items: center; gap: 2px; font-size: 0.6875rem; font-weight: 600;
· · · · · · · · · span font-size: 0.5625rem; line-height: 1;
· nav flex: 0 0 auto; height: 100%; display: flex; flex-direction: column; flex-wrap: wrap; align-content: flex-start; align-items: center; gap: 2px; padding: 13px 6px; border-left: 1px solid var(--border); background: var(--panel);
· · button width: var(--hit); min-height: var(--hit); display: flex; flex-direction: column; align-items: center; justify-content: center; gap: 1px; padding: 3px 0px; border-radius: 10px; border: 1px transparent; background: transparent; color: var(--muted); flex: 0 0 auto; opacity: 1;
· · · span font-size: 0.5625rem; line-height: 1.1; font-weight: 700; letter-spacing: -0.02em; white-space: nowrap;
· · button width: var(--hit); min-height: var(--hit); display: flex; flex-direction: column; align-items: center; justify-content: center; gap: 1px; padding: 3px 0px; border-radius: 10px; border: 1px transparent; background: transparent; color: var(--muted); flex: 0 0 auto; opacity: 1;
· · · span font-size: 0.5625rem; line-height: 1.1; font-weight: 700; letter-spacing: -0.02em; white-space: nowrap;
· · button width: var(--hit); min-height: var(--hit); display: flex; flex-direction: column; align-items: center; justify-content: center; gap: 1px; padding: 3px 0px; border-radius: 10px; border: 1px transparent; background: transparent; color: var(--muted); flex: 0 0 auto; opacity: 1;
· · · span font-size: 0.5625rem; line-height: 1.1; font-weight: 700; letter-spacing: -0.02em; white-space: nowrap;
· · div flex: 0 0 auto; align-self: stretch; height: 1px; margin: 4px 10px; background: var(--border);
· · button width: var(--hit); min-height: var(--hit); display: flex; flex-direction: column; align-items: center; justify-content: center; gap: 1px; padding: 3px 0px; border-radius: 10px; border: 1px transparent; background: transparent; color: var(--muted); flex: 0 0 auto; opacity: 0.4;
· · · span font-size: 0.5625rem; line-height: 1.1; font-weight: 700; letter-spacing: -0.02em; white-space: nowrap;
· · button width: var(--hit); min-height: var(--hit); display: flex; flex-direction: column; align-items: center; justify-content: center; gap: 1px; padding: 3px 0px; border-radius: 10px; border: 1px transparent; background: transparent; color: var(--muted); flex: 0 0 auto; opacity: 0.4;
· · · span font-size: 0.5625rem; line-height: 1.1; font-weight: 700; letter-spacing: -0.02em; white-space: nowrap;
· · div flex: 0 0 auto; align-self: stretch; height: 1px; margin: 4px 10px; background: var(--border);
· · button width: var(--hit); min-height: var(--hit); display: flex; flex-direction: column; align-items: center; justify-content: center; gap: 1px; padding: 3px 0px; border-radius: 10px; border: 1px transparent; background: transparent; color: var(--muted); flex: 0 0 auto; opacity: 1;
· · · span font-size: 0.5625rem; line-height: 1.1; font-weight: 700; letter-spacing: -0.02em; white-space: nowrap;
· · button width: var(--hit); min-height: var(--hit); display: flex; flex-direction: column; align-items: center; justify-content: center; gap: 1px; padding: 3px 0px; border-radius: 10px; border: 1px transparent; background: transparent; color: var(--muted); flex: 0 0 auto; opacity: 1;
· · · span font-size: 0.5625rem; line-height: 1.1; font-weight: 700; letter-spacing: -0.02em; white-space: nowrap;
· · button width: var(--hit); min-height: var(--hit); display: flex; flex-direction: column; align-items: center; justify-content: center; gap: 1px; padding: 3px 0px; border-radius: 10px; border: 1px transparent; background: transparent; color: var(--muted); flex: 0 0 auto; opacity: 1;
· · · span font-size: 0.5625rem; line-height: 1.1; font-weight: 700; letter-spacing: -0.02em; white-space: nowrap;
· · div flex: 0 0 auto; align-self: stretch; height: 1px; margin: 4px 10px; background: var(--border);
· · button width: var(--hit); min-height: var(--hit); display: flex; flex-direction: column; align-items: center; justify-content: center; gap: 1px; padding: 3px 0px; border-radius: 10px; border: 1px transparent; background: transparent; color: var(--muted); flex: 0 0 auto; opacity: 1;
· · · span font-size: 0.5625rem; line-height: 1.1; font-weight: 700; letter-spacing: -0.02em; white-space: nowrap;
· · button width: var(--hit); min-height: var(--hit); display: flex; flex-direction: column; align-items: center; justify-content: center; gap: 1px; padding: 3px 0px; border-radius: 10px; border: 1px transparent; background: transparent; color: var(--muted); flex: 0 0 auto; opacity: 1;
· · · span font-size: 0.5625rem; line-height: 1.1; font-weight: 700; letter-spacing: -0.02em; white-space: nowrap;
· · button width: var(--hit); min-height: var(--hit); display: flex; flex-direction: column; align-items: center; justify-content: center; gap: 1px; padding: 3px 0px; border-radius: 10px; border: 1px transparent; background: transparent; color: var(--muted); flex: 0 0 auto; opacity: 1;
· · · span font-size: 0.5625rem; line-height: 1.1; font-weight: 700; letter-spacing: -0.02em; white-space: nowrap;"
`;
